src/app.ts(5,30): error TS2835: Relative import paths need explicit file extensions in ECMAScript imports when '--moduleResolution' is 'node16' or 'nodenext'. Did you mean './middleware/errorHandler.js'?
src/config/prisma.ts(7,30): error TS2345: Argument of type 'Pool' is not assignable to parameter of type 'Pool | PoolConfig'.
  Type 'import("C:/Users/Shubham/Documents/garage-Connect_1/garage-Connect_old/backend/node_modules/@types/pg/index").Pool' is not assignable to type 'import("C:/Users/Shubham/Documents/garage-Connect_1/garage-Connect_old/backend/node_modules/@prisma/adapter-pg/node_modules/@types/pg/index").Pool' with 'exactOptionalPropertyTypes: true'. Consider adding 'undefined' to the types of the target's properties.
    The types of 'options.Client' are incompatible between these types.
      Type '(new () => import("C:/Users/Shubham/Documents/garage-Connect_1/garage-Connect_old/backend/node_modules/@types/pg/index").ClientBase) | undefined' is not assignable to type '(new () => import("C:/Users/Shubham/Documents/garage-Connect_1/garage-Connect_old/backend/node_modules/@prisma/adapter-pg/node_modules/@types/pg/index").ClientBase) | undefined'.
        Type 'new () => import("C:/Users/Shubham/Documents/garage-Connect_1/garage-Connect_old/backend/node_modules/@types/pg/index").ClientBase' is not assignable to type 'new () => import("C:/Users/Shubham/Documents/garage-Connect_1/garage-Connect_old/backend/node_modules/@prisma/adapter-pg/node_modules/@types/pg/index").ClientBase'.
          Construct signature return types 'ClientBase' and 'ClientBase' are incompatible.
            The types returned by 'connect()' are incompatible between these types.
              Type 'Promise<ClientBase>' is not assignable to type 'Promise<void>'.
                Type 'ClientBase' is not assignable to type 'void'.
src/controllers/auth.controller.ts(28,13): error TS2322: Type '{ vehicles?: { create: { make: string; model: string; year: number | undefined; vehicleNumber: string; vehicleType: "TWO_WHEELER" | "FOUR_WHEELER"; }; }; }' is not assignable to type '(Without<CustomerCreateWithoutUserInput, CustomerUncheckedCreateWithoutUserInput> & CustomerUncheckedCreateWithoutUserInput) | (Without<...> & CustomerCreateWithoutUserInput) | undefined'.
  Type '{ vehicles?: { create: { make: string; model: string; year: number | undefined; vehicleNumber: string; vehicleType: "TWO_WHEELER" | "FOUR_WHEELER"; }; }; }' is not assignable to type 'Without<CustomerUncheckedCreateWithoutUserInput, CustomerCreateWithoutUserInput> & CustomerCreateWithoutUserInput' with 'exactOptionalPropertyTypes: true'. Consider adding 'undefined' to the types of the target's properties.
    Type '{ vehicles?: { create: { make: string; model: string; year: number | undefined; vehicleNumber: string; vehicleType: "TWO_WHEELER" | "FOUR_WHEELER"; }; }; }' is not assignable to type 'CustomerCreateWithoutUserInput' with 'exactOptionalPropertyTypes: true'. Consider adding 'undefined' to the types of the target's properties.
      The types of 'vehicles.create' are incompatible between these types.
        Type '{ make: string; model: string; year: number | undefined; vehicleNumber: string; vehicleType: "TWO_WHEELER" | "FOUR_WHEELER"; }' is not assignable to type '(Without<VehicleCreateWithoutCustomerInput, VehicleUncheckedCreateWithoutCustomerInput> & VehicleUncheckedCreateWithoutCustomerInput) | (Without<...> & VehicleCreateWithoutCustomerInput) | VehicleCreateWithoutCustomerInput[] | VehicleUncheckedCreateWithoutCustomerInput[]'.
          Type '{ make: string; model: string; year: number | undefined; vehicleNumber: string; vehicleType: "TWO_WHEELER" | "FOUR_WHEELER"; }' is not assignable to type 'Without<VehicleCreateWithoutCustomerInput, VehicleUncheckedCreateWithoutCustomerInput> & VehicleUncheckedCreateWithoutCustomerInput' with 'exactOptionalPropertyTypes: true'. Consider adding 'undefined' to the types of the target's properties.
            Type '{ make: string; model: string; year: number | undefined; vehicleNumber: string; vehicleType: "TWO_WHEELER" | "FOUR_WHEELER"; }' is not assignable to type 'VehicleUncheckedCreateWithoutCustomerInput' with 'exactOptionalPropertyTypes: true'. Consider adding 'undefined' to the types of the target's properties.
              Types of property 'year' are incompatible.
                Type 'number | undefined' is not assignable to type 'number | null'.
                  Type 'undefined' is not assignable to type 'number | null'.
src/controllers/auth.controller.ts(86,13): error TS2322: Type '{ garageName: string; address: string; city: string | undefined; state: string | undefined; pincode: string | undefined; contactNo: string | undefined; description: string | undefined; }' is not assignable to type '(Without<GarageCreateWithoutUserInput, GarageUncheckedCreateWithoutUserInput> & GarageUncheckedCreateWithoutUserInput) | (Without<...> & GarageCreateWithoutUserInput) | GarageCreateWithoutUserInput[] | GarageUncheckedCreateWithoutUserInput[] | undefined'.
  Type '{ garageName: string; address: string; city: string | undefined; state: string | undefined; pincode: string | undefined; contactNo: string | undefined; description: string | undefined; }' is not assignable to type 'undefined'.
src/controllers/user.controller.ts(46,7): error TS2375: Type '{ id: string | undefined; }' is not assignable to type 'UserWhereUniqueInput' with 'exactOptionalPropertyTypes: true'. Consider adding 'undefined' to the types of the target's properties.
  Type '{ id: string | undefined; }' is not assignable to type '{ id: string; email: string; } & { id?: string; email?: string; AND?: UserWhereInput | UserWhereInput[]; OR?: UserWhereInput[]; NOT?: UserWhereInput | UserWhereInput[]; ... 6 more ...; garages?: GarageListRelationFilter; }'.
    Property 'email' is missing in type '{ id: string | undefined; }' but required in type '{ id: string; email: string; }'.
src/controllers/user.controller.ts(67,11): error TS2375: Type '{ id: string | undefined; }' is not assignable to type 'UserWhereUniqueInput' with 'exactOptionalPropertyTypes: true'. Consider adding 'undefined' to the types of the target's properties.
  Type '{ id: string | undefined; }' is not assignable to type '{ id: string; email: string; } & { id?: string; email?: string; AND?: UserWhereInput | UserWhereInput[]; OR?: UserWhereInput[]; NOT?: UserWhereInput | UserWhereInput[]; ... 6 more ...; garages?: GarageListRelationFilter; }'.
    Property 'email' is missing in type '{ id: string | undefined; }' but required in type '{ id: string; email: string; }'.
src/controllers/user.controller.ts(75,60): error TS2375: Type '{ userId: string | undefined; }' is not assignable to type 'GarageWhereInput' with 'exactOptionalPropertyTypes: true'. Consider adding 'undefined' to the types of the target's properties.
  Types of property 'userId' are incompatible.
    Type 'string | undefined' is not assignable to type 'string | StringFilter<"Garage">'.
      Type 'undefined' is not assignable to type 'string | StringFilter<"Garage">'.
src/controllers/user.controller.ts(93,42): error TS2375: Type '{ id: string | undefined; }' is not assignable to type 'UserWhereUniqueInput' with 'exactOptionalPropertyTypes: true'. Consider adding 'undefined' to the types of the target's properties.
  Type '{ id: string | undefined; }' is not assignable to type '{ id: string; email: string; } & { id?: string; email?: string; AND?: UserWhereInput | UserWhereInput[]; OR?: UserWhereInput[]; NOT?: UserWhereInput | UserWhereInput[]; ... 6 more ...; garages?: GarageListRelationFilter; }'.
    Property 'email' is missing in type '{ id: string | undefined; }' but required in type '{ id: string; email: string; }'.
src/middleware/validate.ts(11,30): error TS2339: Property 'errors' does not exist on type 'ZodError<unknown>'.
